train sequences 47804 (dropped 0) | calib sequences 13184 (dropped 0)
sequence length tokens: mean 124, p95 183, max 235
python : C:\Users\Jabin M\AppData\Local\Programs\Python\Python310\lib\site-packages\torch\nn\modules\module.py:1370: 
UserWarning: expandable_segments not supported on this platform (Triggered internally at 
C:\actions-runner\_work\pytorch\pytorch\pytorch\c10/cuda/CUDAAllocatorConfig.h:39.)
At line:1 char:436
+ ... s | Out-Null; python training/train_laya.py *> results/train_run1.log
+                   ~~~~~~~~~~~~~~~~~~~~~~~~~~~~~~~~~~~~~~~~~~~~~~~~~~~~~~~
    + CategoryInfo          : NotSpecified: (C:\Users\Jabin ...orConfig.h:39.):String) [], RemoteException
    + FullyQualifiedErrorId : NativeCommandError
 
  return t.to(
zero-shot (before training) calibration-set accuracy:
  family=0.30, format=0.45, gender_signal=0.41, stat_career_record=0.49, stat_firsts_history=0.43, stat_player_stat=0.94, stat_role_or_ranking=1.00, stat_team_record=1.00, stat_world_cup_record=0.47, topic=0.44
epochs 3 | micro-batch 8 x accum 4 = effective 32 | updates/epoch 1493 | LR enc 2.5e-05 head 0.0001
  epoch 1/3 update 20/4479 loss 0.6193 ce 0.7587 | 11s elapsed | peak GPU 6.50 GB
  epoch 1/3 update 40/4479 loss 0.9520 ce 0.3006 | 22s elapsed | peak GPU 6.50 GB
  epoch 1/3 update 60/4479 loss 0.2691 ce 0.3031 | 33s elapsed | peak GPU 6.50 GB
  epoch 1/3 update 80/4479 loss -0.1212 ce 0.7297 | 44s elapsed | peak GPU 6.50 GB
  epoch 1/3 update 100/4479 loss -0.2617 ce 0.1015 | 56s elapsed | peak GPU 6.50 GB
  epoch 1/3 update 120/4479 loss 1.1905 ce 0.1543 | 68s elapsed | peak GPU 6.50 GB
  epoch 1/3 update 140/4479 loss 2.2345 ce 2.0123 | 79s elapsed | peak GPU 6.50 GB
  epoch 1/3 update 160/4479 loss 0.4194 ce 0.0003 | 91s elapsed | peak GPU 6.50 GB
  epoch 1/3 update 180/4479 loss 1.6872 ce 1.2673 | 102s elapsed | peak GPU 6.50 GB
  epoch 1/3 update 200/4479 loss -0.0037 ce 0.0000 | 114s elapsed | peak GPU 6.50 GB
  epoch 1/3 update 220/4479 loss -0.1277 ce 0.1728 | 125s elapsed | peak GPU 6.50 GB
  epoch 1/3 update 240/4479 loss 0.3751 ce 0.1676 | 137s elapsed | peak GPU 6.50 GB
  epoch 1/3 update 260/4479 loss 1.1298 ce 1.2891 | 155s elapsed | peak GPU 6.50 GB
  epoch 1/3 update 280/4479 loss -0.1026 ce 0.0000 | 166s elapsed | peak GPU 6.50 GB
  epoch 1/3 update 300/4479 loss -0.0265 ce 0.0000 | 178s elapsed | peak GPU 6.50 GB
  epoch 1/3 update 320/4479 loss -0.0438 ce 0.0000 | 190s elapsed | peak GPU 6.50 GB
  epoch 1/3 update 340/4479 loss 1.6188 ce 1.7752 | 201s elapsed | peak GPU 6.50 GB
  epoch 1/3 update 360/4479 loss -0.2226 ce 0.0000 | 221s elapsed | peak GPU 6.50 GB
  epoch 1/3 update 380/4479 loss 0.8231 ce 1.0198 | 271s elapsed | peak GPU 6.50 GB
  epoch 1/3 update 400/4479 loss 0.1418 ce 0.1123 | 305s elapsed | peak GPU 6.50 GB
  epoch 1/3 update 420/4479 loss 1.1779 ce 1.3633 | 317s elapsed | peak GPU 6.50 GB
  epoch 1/3 update 440/4479 loss -0.0057 ce 0.0000 | 328s elapsed | peak GPU 6.50 GB
  epoch 1/3 update 460/4479 loss -0.0000 ce -0.0000 | 339s elapsed | peak GPU 6.50 GB
  epoch 1/3 update 480/4479 loss -0.0513 ce -0.0000 | 350s elapsed | peak GPU 6.50 GB
  epoch 1/3 update 500/4479 loss 0.6596 ce 0.2680 | 361s elapsed | peak GPU 6.50 GB
  epoch 1/3 update 520/4479 loss 1.6313 ce 1.4414 | 372s elapsed | peak GPU 6.50 GB
  epoch 1/3 update 540/4479 loss -0.0000 ce -0.0000 | 383s elapsed | peak GPU 6.50 GB
  epoch 1/3 update 560/4479 loss -0.0307 ce 0.0000 | 395s elapsed | peak GPU 6.50 GB
  epoch 1/3 update 580/4479 loss -0.0000 ce -0.0000 | 406s elapsed | peak GPU 6.50 GB
  epoch 1/3 update 600/4479 loss -0.0000 ce -0.0000 | 418s elapsed | peak GPU 6.50 GB
  epoch 1/3 update 620/4479 loss -0.0000 ce -0.0000 | 430s elapsed | peak GPU 6.50 GB
  epoch 1/3 update 640/4479 loss -0.0000 ce -0.0000 | 470s elapsed | peak GPU 6.50 GB
  epoch 1/3 update 660/4479 loss 2.3047 ce 2.3047 | 484s elapsed | peak GPU 6.50 GB
  epoch 1/3 update 680/4479 loss -0.0130 ce -0.0000 | 496s elapsed | peak GPU 6.50 GB
  epoch 1/3 update 700/4479 loss -0.0000 ce -0.0000 | 508s elapsed | peak GPU 6.50 GB
  epoch 1/3 update 720/4479 loss 2.5078 ce 2.5078 | 519s elapsed | peak GPU 6.50 GB
  epoch 1/3 update 740/4479 loss -0.0000 ce -0.0000 | 531s elapsed | peak GPU 6.50 GB
  epoch 1/3 update 760/4479 loss 3.0103 ce 2.9418 | 542s elapsed | peak GPU 6.50 GB
  epoch 1/3 update 780/4479 loss 0.1280 ce 0.5176 | 554s elapsed | peak GPU 6.50 GB
  epoch 1/3 update 800/4479 loss -0.0331 ce -0.0000 | 571s elapsed | peak GPU 6.50 GB
  epoch 1/3 update 820/4479 loss -0.0000 ce -0.0000 | 582s elapsed | peak GPU 6.50 GB
  epoch 1/3 update 840/4479 loss -0.0000 ce -0.0000 | 593s elapsed | peak GPU 6.50 GB
  epoch 1/3 update 860/4479 loss -0.0444 ce -0.0000 | 604s elapsed | peak GPU 6.50 GB
  epoch 1/3 update 880/4479 loss -0.0000 ce -0.0000 | 615s elapsed | peak GPU 6.50 GB
  epoch 1/3 update 900/4479 loss -0.0000 ce -0.0000 | 626s elapsed | peak GPU 6.50 GB
  epoch 1/3 update 920/4479 loss 0.0114 ce 0.0000 | 637s elapsed | peak GPU 6.50 GB
  epoch 1/3 update 940/4479 loss 2.6875 ce 2.6875 | 648s elapsed | peak GPU 6.51 GB
  epoch 1/3 update 960/4479 loss -0.0000 ce -0.0000 | 659s elapsed | peak GPU 6.51 GB
  epoch 1/3 update 980/4479 loss -0.1270 ce 0.0000 | 671s elapsed | peak GPU 6.51 GB
  epoch 1/3 update 1000/4479 loss -0.0056 ce 0.0000 | 682s elapsed | peak GPU 6.51 GB
  epoch 1/3 update 1020/4479 loss -0.0000 ce -0.0000 | 692s elapsed | peak GPU 6.51 GB
  epoch 1/3 update 1040/4479 loss -0.0000 ce -0.0000 | 703s elapsed | peak GPU 6.51 GB
  epoch 1/3 update 1060/4479 loss -0.0000 ce -0.0000 | 714s elapsed | peak GPU 6.51 GB
  epoch 1/3 update 1080/4479 loss 1.9531 ce 1.9531 | 725s elapsed | peak GPU 6.51 GB
  epoch 1/3 update 1100/4479 loss -0.0000 ce -0.0000 | 735s elapsed | peak GPU 6.51 GB
  epoch 1/3 update 1120/4479 loss -0.1037 ce 0.0828 | 746s elapsed | peak GPU 6.51 GB
  epoch 1/3 update 1140/4479 loss 0.0057 ce 0.0000 | 757s elapsed | peak GPU 6.51 GB
  epoch 1/3 update 1160/4479 loss -0.0000 ce -0.0000 | 768s elapsed | peak GPU 6.51 GB
  epoch 1/3 update 1180/4479 loss 1.7353 ce 1.7559 | 780s elapsed | peak GPU 6.51 GB
  epoch 1/3 update 1200/4479 loss 0.2376 ce 0.0315 | 792s elapsed | peak GPU 6.51 GB
  epoch 1/3 update 1220/4479 loss -0.0000 ce -0.0000 | 804s elapsed | peak GPU 6.51 GB
  epoch 1/3 update 1240/4479 loss -0.0000 ce -0.0000 | 815s elapsed | peak GPU 6.51 GB
  epoch 1/3 update 1260/4479 loss -0.0000 ce -0.0000 | 827s elapsed | peak GPU 6.51 GB
  epoch 1/3 update 1280/4479 loss -0.0000 ce -0.0000 | 838s elapsed | peak GPU 6.51 GB
  epoch 1/3 update 1300/4479 loss -0.0000 ce -0.0000 | 850s elapsed | peak GPU 6.51 GB
  epoch 1/3 update 1320/4479 loss -0.0000 ce -0.0000 | 861s elapsed | peak GPU 6.51 GB
  epoch 1/3 update 1340/4479 loss -0.0000 ce -0.0000 | 873s elapsed | peak GPU 6.51 GB
  epoch 1/3 update 1360/4479 loss -0.0000 ce -0.0000 | 884s elapsed | peak GPU 6.51 GB
  epoch 1/3 update 1380/4479 loss -0.0000 ce -0.0000 | 896s elapsed | peak GPU 6.51 GB
  epoch 1/3 update 1400/4479 loss -0.0000 ce -0.0000 | 907s elapsed | peak GPU 6.51 GB
  epoch 1/3 update 1420/4479 loss -0.0000 ce -0.0000 | 919s elapsed | peak GPU 6.51 GB
  epoch 1/3 update 1440/4479 loss -0.0000 ce -0.0000 | 929s elapsed | peak GPU 6.51 GB
  epoch 1/3 update 1460/4479 loss -0.0000 ce -0.0000 | 940s elapsed | peak GPU 6.51 GB
  epoch 1/3 update 1480/4479 loss -0.0000 ce -0.0000 | 951s elapsed | peak GPU 6.51 GB
=== epoch 1 done in 960s, avg loss 0.3582
  epoch 2/3 update 1500/4479 loss 0.5522 ce 0.0093 | 964s elapsed | peak GPU 6.51 GB
  epoch 2/3 update 1520/4479 loss -0.0000 ce -0.0000 | 976s elapsed | peak GPU 6.51 GB
  epoch 2/3 update 1540/4479 loss -0.0000 ce -0.0000 | 988s elapsed | peak GPU 6.51 GB
  epoch 2/3 update 1560/4479 loss -0.0000 ce -0.0000 | 1000s elapsed | peak GPU 6.51 GB
  epoch 2/3 update 1580/4479 loss -0.0000 ce -0.0000 | 1012s elapsed | peak GPU 6.51 GB
  epoch 2/3 update 1600/4479 loss -0.0000 ce -0.0000 | 1023s elapsed | peak GPU 6.51 GB
  epoch 2/3 update 1620/4479 loss -0.0000 ce -0.0000 | 1035s elapsed | peak GPU 6.51 GB
  epoch 2/3 update 1640/4479 loss -0.0000 ce -0.0000 | 1047s elapsed | peak GPU 6.51 GB
  epoch 2/3 update 1660/4479 loss -0.0000 ce -0.0000 | 1058s elapsed | peak GPU 6.51 GB
  epoch 2/3 update 1680/4479 loss -0.0000 ce -0.0000 | 1070s elapsed | peak GPU 6.51 GB
  epoch 2/3 update 1700/4479 loss -0.0000 ce -0.0000 | 1082s elapsed | peak GPU 6.51 GB
  epoch 2/3 update 1720/4479 loss -0.0000 ce -0.0000 | 1093s elapsed | peak GPU 6.51 GB
  epoch 2/3 update 1740/4479 loss -0.0000 ce -0.0000 | 1105s elapsed | peak GPU 6.51 GB
  epoch 2/3 update 1760/4479 loss -0.0000 ce -0.0000 | 1117s elapsed | peak GPU 6.51 GB
  epoch 2/3 update 1780/4479 loss -0.0000 ce -0.0000 | 1128s elapsed | peak GPU 6.51 GB
  epoch 2/3 update 1800/4479 loss -0.0000 ce -0.0000 | 1139s elapsed | peak GPU 6.51 GB
  epoch 2/3 update 1820/4479 loss -0.0000 ce -0.0000 | 1151s elapsed | peak GPU 6.51 GB
  epoch 2/3 update 1840/4479 loss -0.0000 ce -0.0000 | 1163s elapsed | peak GPU 6.51 GB
  epoch 2/3 update 1860/4479 loss -0.0000 ce -0.0000 | 1175s elapsed | peak GPU 6.51 GB
  epoch 2/3 update 1880/4479 loss -0.0000 ce -0.0000 | 1187s elapsed | peak GPU 6.51 GB
  epoch 2/3 update 1900/4479 loss -0.0000 ce -0.0000 | 1198s elapsed | peak GPU 6.51 GB
  epoch 2/3 update 1920/4479 loss -0.0000 ce -0.0000 | 1209s elapsed | peak GPU 6.51 GB
  epoch 2/3 update 1940/4479 loss -0.0000 ce -0.0000 | 1220s elapsed | peak GPU 6.51 GB
  epoch 2/3 update 1960/4479 loss -0.0000 ce -0.0000 | 1231s elapsed | peak GPU 6.51 GB
  epoch 2/3 update 1980/4479 loss -0.0000 ce -0.0000 | 1242s elapsed | peak GPU 6.51 GB
  epoch 2/3 update 2000/4479 loss -0.0000 ce -0.0000 | 1253s elapsed | peak GPU 6.51 GB
  epoch 2/3 update 2020/4479 loss -0.0000 ce -0.0000 | 1264s elapsed | peak GPU 6.51 GB
  epoch 2/3 update 2040/4479 loss -0.0000 ce -0.0000 | 1275s elapsed | peak GPU 6.51 GB
  epoch 2/3 update 2060/4479 loss -0.0000 ce -0.0000 | 1287s elapsed | peak GPU 6.51 GB
  epoch 2/3 update 2080/4479 loss -0.0000 ce -0.0000 | 1297s elapsed | peak GPU 6.51 GB
  epoch 2/3 update 2100/4479 loss -0.0000 ce -0.0000 | 1308s elapsed | peak GPU 6.51 GB
  epoch 2/3 update 2120/4479 loss -0.0000 ce -0.0000 | 1319s elapsed | peak GPU 6.51 GB
  epoch 2/3 update 2140/4479 loss -0.0000 ce -0.0000 | 1330s elapsed | peak GPU 6.51 GB
  epoch 2/3 update 2160/4479 loss -0.0000 ce -0.0000 | 1341s elapsed | peak GPU 6.51 GB
  epoch 2/3 update 2180/4479 loss -0.0000 ce -0.0000 | 1352s elapsed | peak GPU 6.51 GB
  epoch 2/3 update 2200/4479 loss -0.0000 ce -0.0000 | 1363s elapsed | peak GPU 6.51 GB
  epoch 2/3 update 2220/4479 loss -0.0000 ce -0.0000 | 1374s elapsed | peak GPU 6.51 GB
  epoch 2/3 update 2240/4479 loss -0.0000 ce -0.0000 | 1385s elapsed | peak GPU 6.51 GB
  epoch 2/3 update 2260/4479 loss -0.0000 ce -0.0000 | 1397s elapsed | peak GPU 6.51 GB
  epoch 2/3 update 2280/4479 loss -0.0000 ce -0.0000 | 1407s elapsed | peak GPU 6.51 GB
  epoch 2/3 update 2300/4479 loss -0.0000 ce -0.0000 | 1418s elapsed | peak GPU 6.51 GB
  epoch 2/3 update 2320/4479 loss -0.0000 ce -0.0000 | 1429s elapsed | peak GPU 6.51 GB
  epoch 2/3 update 2340/4479 loss -0.0000 ce -0.0000 | 1440s elapsed | peak GPU 6.51 GB
  epoch 2/3 update 2360/4479 loss -0.0000 ce -0.0000 | 1451s elapsed | peak GPU 6.51 GB
  epoch 2/3 update 2380/4479 loss -0.0000 ce -0.0000 | 1462s elapsed | peak GPU 6.51 GB
  epoch 2/3 update 2400/4479 loss -0.0000 ce -0.0000 | 1473s elapsed | peak GPU 6.51 GB
  epoch 2/3 update 2420/4479 loss -0.0000 ce -0.0000 | 1483s elapsed | peak GPU 6.51 GB
  epoch 2/3 update 2440/4479 loss -0.0000 ce -0.0000 | 1495s elapsed | peak GPU 6.51 GB
  epoch 2/3 update 2460/4479 loss -0.0000 ce -0.0000 | 1523s elapsed | peak GPU 6.51 GB
  epoch 2/3 update 2480/4479 loss 0.0164 ce 0.0000 | 1535s elapsed | peak GPU 6.51 GB
  epoch 2/3 update 2500/4479 loss -0.0000 ce -0.0000 | 1546s elapsed | peak GPU 6.51 GB
  epoch 2/3 update 2520/4479 loss -0.0000 ce -0.0000 | 1566s elapsed | peak GPU 6.51 GB
  epoch 2/3 update 2540/4479 loss -0.0000 ce -0.0000 | 1578s elapsed | peak GPU 6.51 GB
  epoch 2/3 update 2560/4479 loss -0.0000 ce -0.0000 | 1589s elapsed | peak GPU 6.51 GB
  epoch 2/3 update 2580/4479 loss -0.0000 ce -0.0000 | 1600s elapsed | peak GPU 6.51 GB
  epoch 2/3 update 2600/4479 loss -0.0000 ce -0.0000 | 1611s elapsed | peak GPU 6.51 GB
  epoch 2/3 update 2620/4479 loss -0.0000 ce -0.0000 | 1622s elapsed | peak GPU 6.51 GB
  epoch 2/3 update 2640/4479 loss -0.0000 ce -0.0000 | 1633s elapsed | peak GPU 6.51 GB
  epoch 2/3 update 2660/4479 loss -0.0000 ce -0.0000 | 1644s elapsed | peak GPU 6.51 GB
  epoch 2/3 update 2680/4479 loss -0.0000 ce -0.0000 | 1655s elapsed | peak GPU 6.51 GB
  epoch 2/3 update 2700/4479 loss -0.0000 ce -0.0000 | 1666s elapsed | peak GPU 6.51 GB
  epoch 2/3 update 2720/4479 loss -0.0000 ce -0.0000 | 1677s elapsed | peak GPU 6.51 GB
  epoch 2/3 update 2740/4479 loss -0.0000 ce -0.0000 | 1688s elapsed | peak GPU 6.51 GB
  epoch 2/3 update 2760/4479 loss -0.0000 ce -0.0000 | 1698s elapsed | peak GPU 6.51 GB
  epoch 2/3 update 2780/4479 loss -0.0000 ce -0.0000 | 1709s elapsed | peak GPU 6.51 GB
  epoch 2/3 update 2800/4479 loss -0.0000 ce -0.0000 | 1720s elapsed | peak GPU 6.51 GB
  epoch 2/3 update 2820/4479 loss -0.0000 ce -0.0000 | 1731s elapsed | peak GPU 6.51 GB
  epoch 2/3 update 2840/4479 loss -0.0000 ce -0.0000 | 1742s elapsed | peak GPU 6.51 GB
  epoch 2/3 update 2860/4479 loss -0.0000 ce -0.0000 | 1753s elapsed | peak GPU 6.51 GB
  epoch 2/3 update 2880/4479 loss -0.0000 ce -0.0000 | 1764s elapsed | peak GPU 6.51 GB
  epoch 2/3 update 2900/4479 loss -0.0000 ce -0.0000 | 1775s elapsed | peak GPU 6.51 GB
  epoch 2/3 update 2920/4479 loss -0.0000 ce -0.0000 | 1785s elapsed | peak GPU 6.51 GB
  epoch 2/3 update 2940/4479 loss -0.0000 ce -0.0000 | 1796s elapsed | peak GPU 6.51 GB
  epoch 2/3 update 2960/4479 loss -0.0000 ce -0.0000 | 1807s elapsed | peak GPU 6.51 GB
  epoch 2/3 update 2980/4479 loss -0.0000 ce -0.0000 | 1818s elapsed | peak GPU 6.51 GB
=== epoch 2 done in 1822s, avg loss 0.0491
  epoch 3/3 update 3000/4479 loss -0.0000 ce -0.0000 | 1834s elapsed | peak GPU 6.51 GB
  epoch 3/3 update 3020/4479 loss -0.0000 ce -0.0000 | 1845s elapsed | peak GPU 6.51 GB
  epoch 3/3 update 3040/4479 loss -0.0000 ce -0.0000 | 1857s elapsed | peak GPU 6.51 GB
  epoch 3/3 update 3060/4479 loss -0.0000 ce -0.0000 | 1869s elapsed | peak GPU 6.51 GB
  epoch 3/3 update 3080/4479 loss -0.0000 ce -0.0000 | 1880s elapsed | peak GPU 6.51 GB
  epoch 3/3 update 3100/4479 loss -0.0000 ce -0.0000 | 1892s elapsed | peak GPU 6.51 GB
  epoch 3/3 update 3120/4479 loss -0.0000 ce -0.0000 | 1903s elapsed | peak GPU 6.51 GB
  epoch 3/3 update 3140/4479 loss -0.0000 ce -0.0000 | 1915s elapsed | peak GPU 6.51 GB
  epoch 3/3 update 3160/4479 loss -0.0000 ce -0.0000 | 1926s elapsed | peak GPU 6.51 GB
  epoch 3/3 update 3180/4479 loss -0.0000 ce -0.0000 | 1938s elapsed | peak GPU 6.51 GB
  epoch 3/3 update 3200/4479 loss -0.0000 ce -0.0000 | 1949s elapsed | peak GPU 6.51 GB
  epoch 3/3 update 3220/4479 loss -0.0000 ce -0.0000 | 1961s elapsed | peak GPU 6.51 GB
  epoch 3/3 update 3240/4479 loss -0.0000 ce -0.0000 | 1972s elapsed | peak GPU 6.51 GB
  epoch 3/3 update 3260/4479 loss -0.0000 ce -0.0000 | 1983s elapsed | peak GPU 6.51 GB
  epoch 3/3 update 3280/4479 loss -0.0000 ce -0.0000 | 1995s elapsed | peak GPU 6.51 GB
  epoch 3/3 update 3300/4479 loss -0.0000 ce -0.0000 | 2010s elapsed | peak GPU 6.51 GB
  epoch 3/3 update 3320/4479 loss -0.0000 ce -0.0000 | 2059s elapsed | peak GPU 6.51 GB
  epoch 3/3 update 3340/4479 loss -0.0000 ce -0.0000 | 2105s elapsed | peak GPU 6.51 GB
  epoch 3/3 update 3360/4479 loss -0.0000 ce -0.0000 | 2144s elapsed | peak GPU 6.51 GB
  epoch 3/3 update 3380/4479 loss -0.0000 ce -0.0000 | 2163s elapsed | peak GPU 6.51 GB
  epoch 3/3 update 3400/4479 loss -0.0000 ce -0.0000 | 2192s elapsed | peak GPU 6.51 GB
  epoch 3/3 update 3420/4479 loss -0.0000 ce -0.0000 | 2203s elapsed | peak GPU 6.51 GB
  epoch 3/3 update 3440/4479 loss -0.0000 ce -0.0000 | 2214s elapsed | peak GPU 6.51 GB
  epoch 3/3 update 3460/4479 loss -0.0000 ce -0.0000 | 2226s elapsed | peak GPU 6.51 GB
  epoch 3/3 update 3480/4479 loss -0.0000 ce -0.0000 | 2238s elapsed | peak GPU 6.51 GB
  epoch 3/3 update 3500/4479 loss -0.0000 ce -0.0000 | 2249s elapsed | peak GPU 6.51 GB
  epoch 3/3 update 3520/4479 loss -0.0000 ce -0.0000 | 2261s elapsed | peak GPU 6.51 GB
  epoch 3/3 update 3540/4479 loss -0.0000 ce -0.0000 | 2272s elapsed | peak GPU 6.51 GB
  epoch 3/3 update 3560/4479 loss -0.0000 ce -0.0000 | 2284s elapsed | peak GPU 6.51 GB
  epoch 3/3 update 3580/4479 loss -0.0000 ce -0.0000 | 2307s elapsed | peak GPU 6.51 GB
  epoch 3/3 update 3600/4479 loss -0.0000 ce -0.0000 | 2318s elapsed | peak GPU 6.51 GB
  epoch 3/3 update 3620/4479 loss -0.0000 ce -0.0000 | 2330s elapsed | peak GPU 6.51 GB
  epoch 3/3 update 3640/4479 loss -0.0000 ce -0.0000 | 2341s elapsed | peak GPU 6.51 GB
  epoch 3/3 update 3660/4479 loss -0.0000 ce -0.0000 | 2353s elapsed | peak GPU 6.51 GB
  epoch 3/3 update 3680/4479 loss -0.0000 ce -0.0000 | 2364s elapsed | peak GPU 6.51 GB
  epoch 3/3 update 3700/4479 loss -0.0000 ce -0.0000 | 2375s elapsed | peak GPU 6.51 GB
  epoch 3/3 update 3720/4479 loss -0.0000 ce -0.0000 | 2386s elapsed | peak GPU 6.51 GB
  epoch 3/3 update 3740/4479 loss -0.0000 ce -0.0000 | 2397s elapsed | peak GPU 6.51 GB
  epoch 3/3 update 3760/4479 loss -0.0000 ce -0.0000 | 2408s elapsed | peak GPU 6.51 GB
  epoch 3/3 update 3780/4479 loss -0.0000 ce -0.0000 | 2444s elapsed | peak GPU 6.51 GB
  epoch 3/3 update 3800/4479 loss -0.0000 ce -0.0000 | 2491s elapsed | peak GPU 6.51 GB
  epoch 3/3 update 3820/4479 loss -0.0000 ce -0.0000 | 2536s elapsed | peak GPU 6.51 GB
  epoch 3/3 update 3840/4479 loss -0.0000 ce -0.0000 | 2550s elapsed | peak GPU 6.51 GB
  epoch 3/3 update 3860/4479 loss -0.0000 ce -0.0000 | 2561s elapsed | peak GPU 6.51 GB
  epoch 3/3 update 3880/4479 loss -0.0000 ce -0.0000 | 2572s elapsed | peak GPU 6.51 GB
  epoch 3/3 update 3900/4479 loss -0.0000 ce -0.0000 | 2584s elapsed | peak GPU 6.51 GB
  epoch 3/3 update 3920/4479 loss -0.0000 ce -0.0000 | 2596s elapsed | peak GPU 6.51 GB
  epoch 3/3 update 3940/4479 loss -0.0000 ce -0.0000 | 2608s elapsed | peak GPU 6.51 GB
  epoch 3/3 update 3960/4479 loss -0.0000 ce -0.0000 | 2619s elapsed | peak GPU 6.51 GB
  epoch 3/3 update 3980/4479 loss -0.0000 ce -0.0000 | 2630s elapsed | peak GPU 6.51 GB
  epoch 3/3 update 4000/4479 loss -0.0000 ce -0.0000 | 2641s elapsed | peak GPU 6.51 GB
  epoch 3/3 update 4020/4479 loss -0.0000 ce -0.0000 | 2652s elapsed | peak GPU 6.51 GB
  epoch 3/3 update 4040/4479 loss -0.0000 ce -0.0000 | 2688s elapsed | peak GPU 6.51 GB
  epoch 3/3 update 4060/4479 loss -0.0000 ce -0.0000 | 2724s elapsed | peak GPU 6.51 GB
  epoch 3/3 update 4080/4479 loss -0.0000 ce -0.0000 | 2765s elapsed | peak GPU 6.51 GB
  epoch 3/3 update 4100/4479 loss -0.0000 ce -0.0000 | 2802s elapsed | peak GPU 6.51 GB
  epoch 3/3 update 4120/4479 loss -0.0000 ce -0.0000 | 2842s elapsed | peak GPU 6.51 GB
  epoch 3/3 update 4140/4479 loss -0.0000 ce -0.0000 | 2883s elapsed | peak GPU 6.51 GB
  epoch 3/3 update 4160/4479 loss -0.0000 ce -0.0000 | 2914s elapsed | peak GPU 6.51 GB
  epoch 3/3 update 4180/4479 loss -0.0000 ce -0.0000 | 2948s elapsed | peak GPU 6.51 GB
  epoch 3/3 update 4200/4479 loss -0.0000 ce -0.0000 | 2983s elapsed | peak GPU 6.51 GB
  epoch 3/3 update 4220/4479 loss -0.0000 ce -0.0000 | 3018s elapsed | peak GPU 6.51 GB
  epoch 3/3 update 4240/4479 loss -0.0000 ce -0.0000 | 3050s elapsed | peak GPU 6.51 GB
  epoch 3/3 update 4260/4479 loss -0.0000 ce -0.0000 | 3084s elapsed | peak GPU 6.51 GB
  epoch 3/3 update 4280/4479 loss -0.0000 ce -0.0000 | 3116s elapsed | peak GPU 6.51 GB
  epoch 3/3 update 4300/4479 loss -0.0000 ce -0.0000 | 3148s elapsed | peak GPU 6.51 GB
  epoch 3/3 update 4320/4479 loss -0.0000 ce -0.0000 | 3182s elapsed | peak GPU 6.51 GB
  epoch 3/3 update 4340/4479 loss -0.0000 ce -0.0000 | 3208s elapsed | peak GPU 6.51 GB
  epoch 3/3 update 4360/4479 loss -0.0000 ce -0.0000 | 3220s elapsed | peak GPU 6.51 GB
  epoch 3/3 update 4380/4479 loss -0.0000 ce -0.0000 | 3231s elapsed | peak GPU 6.51 GB
  epoch 3/3 update 4400/4479 loss -0.0000 ce -0.0000 | 3243s elapsed | peak GPU 6.51 GB
  epoch 3/3 update 4420/4479 loss -0.0000 ce -0.0000 | 3254s elapsed | peak GPU 6.51 GB
  epoch 3/3 update 4440/4479 loss -0.0000 ce -0.0000 | 3265s elapsed | peak GPU 6.51 GB
  epoch 3/3 update 4460/4479 loss -0.0000 ce -0.0000 | 3276s elapsed | peak GPU 6.51 GB
=== epoch 3 done in 3288s, avg loss 0.0129
fitting calibration temperatures on calib.jsonl
temperatures by bucket: {'choice:3-5': 3.914, 'choice:6-10': 4.141, 'choice:11+': 4.987, 'choice:2': 3.202} | overall 4.208
| lang | question | n | accuracy | ECE before | ECE after |
|---|---|---|---|---|---|
| en | family | 808 | 0.896 | 0.104 | 0.050 |
| en | format | 808 | 1.000 | 0.000 | 0.043 |
| en | gender_signal | 997 | 0.998 | 0.002 | 0.017 |
| en | stat_career_record | 297 | 0.687 | 0.314 | 0.161 |
| en | stat_firsts_history | 57 | 0.947 | 0.053 | 0.038 |
| en | stat_player_stat | 95 | 1.000 | 0.000 | 0.002 |
| en | stat_role_or_ranking | 61 | 1.000 | 0.000 | 0.002 |
| en | stat_team_record | 79 | 0.987 | 0.013 | 0.032 |
| en | stat_world_cup_record | 129 | 1.000 | 0.000 | 0.040 |
| en | topic | 997 | 0.966 | 0.034 | 0.016 |
| hi | family | 834 | 0.926 | 0.074 | 0.022 |
| hi | format | 834 | 0.993 | 0.007 | 0.036 |
| hi | gender_signal | 992 | 0.998 | 0.002 | 0.017 |
| hi | stat_career_record | 315 | 0.921 | 0.078 | 0.083 |
| hi | stat_firsts_history | 60 | 1.000 | 0.000 | 0.013 |
| hi | stat_player_stat | 103 | 0.990 | 0.010 | 0.008 |
| hi | stat_role_or_ranking | 60 | 1.000 | 0.000 | 0.002 |
| hi | stat_team_record | 96 | 0.844 | 0.153 | 0.133 |
| hi | stat_world_cup_record | 128 | 0.945 | 0.055 | 0.013 |
| hi | topic | 992 | 0.988 | 0.012 | 0.011 |
| ta | family | 844 | 0.857 | 0.141 | 0.082 |
| ta | format | 844 | 0.995 | 0.005 | 0.038 |
| ta | gender_signal | 992 | 0.987 | 0.013 | 0.007 |
| ta | stat_career_record | 324 | 0.867 | 0.124 | 0.078 |
| ta | stat_firsts_history | 67 | 0.716 | 0.281 | 0.266 |
| ta | stat_player_stat | 106 | 1.000 | 0.000 | 0.002 |
| ta | stat_role_or_ranking | 51 | 1.000 | 0.000 | 0.002 |
| ta | stat_team_record | 92 | 0.924 | 0.052 | 0.018 |
| ta | stat_world_cup_record | 130 | 0.962 | 0.038 | 0.003 |
| ta | topic | 992 | 0.962 | 0.038 | 0.020 |

Overall accuracy per language (all questions, calibration set): en=0.950, hi=0.971, ta=0.944
saved to C:\Users\Jabin M\OneDrive\Desktop\ICC'26\models\laya-mak-v1
