train sequences 48067 (dropped 0) | calib sequences 13236 (dropped 0)
sequence length tokens: mean 124, p95 183, max 233
python : C:\Users\Jabin M\AppData\Local\Programs\Python\Python310\lib\site-packages\torch\nn\modules\module.py:1370: 
UserWarning: expandable_segments not supported on this platform (Triggered internally at 
C:\actions-runner\_work\pytorch\pytorch\pytorch\c10/cuda/CUDAAllocatorConfig.h:39.)
At line:1 char:380
+ ... NG='utf-8'; python training/train_laya.py *> results/train_laya_v2.lo ...
+                 ~~~~~~~~~~~~~~~~~~~~~~~~~~~~~~~~~~~~~~~~~~~~~~~~~~~~~~~~~
    + CategoryInfo          : NotSpecified: (C:\Users\Jabin ...orConfig.h:39.):String) [], RemoteException
    + FullyQualifiedErrorId : NativeCommandError
 
  return t.to(
zero-shot (before training) calibration-set accuracy:
  family=0.29, format=0.36, gender_signal=0.40, stat_career_record=0.61, stat_firsts_history=1.00, stat_player_stat=0.76, stat_role_or_ranking=1.00, stat_team_record=0.83, stat_world_cup_record=0.40, topic=0.41
epochs 2 | micro-batch 8 x accum 4 = effective 32 | updates/epoch 1502 | LR enc 2.5e-05 head 0.0001
  epoch 1/2 update 20/3004 loss 0.9738 ce 0.8653 | 11s elapsed | peak GPU 6.50 GB
  epoch 1/2 update 40/3004 loss 0.3020 ce 0.8837 | 22s elapsed | peak GPU 6.50 GB
  epoch 1/2 update 60/3004 loss 0.2730 ce 0.2776 | 33s elapsed | peak GPU 6.50 GB
  epoch 1/2 update 80/3004 loss 0.8123 ce 0.9379 | 45s elapsed | peak GPU 6.50 GB
  epoch 1/2 update 100/3004 loss 0.5770 ce 0.5019 | 57s elapsed | peak GPU 6.50 GB
  epoch 1/2 update 120/3004 loss 1.8820 ce 1.6087 | 68s elapsed | peak GPU 6.50 GB
  epoch 1/2 update 140/3004 loss 0.0874 ce 0.5846 | 80s elapsed | peak GPU 6.50 GB
  epoch 1/2 update 160/3004 loss 0.5717 ce 0.6128 | 91s elapsed | peak GPU 6.50 GB
  epoch 1/2 update 180/3004 loss 0.7426 ce 0.7528 | 103s elapsed | peak GPU 6.50 GB
  epoch 1/2 update 200/3004 loss 2.0364 ce 2.1558 | 115s elapsed | peak GPU 6.50 GB
  epoch 1/2 update 220/3004 loss 0.7045 ce 0.6980 | 133s elapsed | peak GPU 6.50 GB
  epoch 1/2 update 240/3004 loss 0.5409 ce 0.6505 | 147s elapsed | peak GPU 6.50 GB
  epoch 1/2 update 260/3004 loss 2.4633 ce 2.4273 | 160s elapsed | peak GPU 6.50 GB
  epoch 1/2 update 280/3004 loss 0.6652 ce 0.6738 | 174s elapsed | peak GPU 6.50 GB
  epoch 1/2 update 300/3004 loss 2.3259 ce 2.3750 | 187s elapsed | peak GPU 6.50 GB
  epoch 1/2 update 320/3004 loss 0.7357 ce 0.7213 | 201s elapsed | peak GPU 6.50 GB
  epoch 1/2 update 340/3004 loss 0.6546 ce 0.6724 | 215s elapsed | peak GPU 6.50 GB
  epoch 1/2 update 360/3004 loss 0.7759 ce 0.7848 | 229s elapsed | peak GPU 6.51 GB
  epoch 1/2 update 380/3004 loss 2.5649 ce 2.5742 | 242s elapsed | peak GPU 6.51 GB
  epoch 1/2 update 400/3004 loss 0.6700 ce 0.6684 | 256s elapsed | peak GPU 6.51 GB
  epoch 1/2 update 420/3004 loss 4.1690 ce 4.2372 | 270s elapsed | peak GPU 6.51 GB
  epoch 1/2 update 440/3004 loss 0.6997 ce 0.7341 | 283s elapsed | peak GPU 6.51 GB
  epoch 1/2 update 460/3004 loss 0.8397 ce 0.8397 | 297s elapsed | peak GPU 6.51 GB
  epoch 1/2 update 480/3004 loss 0.5444 ce 0.6106 | 312s elapsed | peak GPU 6.51 GB
  epoch 1/2 update 500/3004 loss 2.7787 ce 2.8105 | 326s elapsed | peak GPU 6.51 GB
  epoch 1/2 update 520/3004 loss 0.7454 ce 0.7564 | 340s elapsed | peak GPU 6.51 GB
  epoch 1/2 update 540/3004 loss 0.7746 ce 0.7746 | 354s elapsed | peak GPU 6.51 GB
  epoch 1/2 update 560/3004 loss 0.7664 ce 0.7664 | 368s elapsed | peak GPU 6.51 GB
  epoch 1/2 update 580/3004 loss 1.4248 ce 1.1250 | 381s elapsed | peak GPU 6.51 GB
  epoch 1/2 update 600/3004 loss 0.7592 ce 0.7614 | 395s elapsed | peak GPU 6.51 GB
  epoch 1/2 update 620/3004 loss 0.7239 ce 0.7762 | 409s elapsed | peak GPU 6.51 GB
  epoch 1/2 update 640/3004 loss 0.7093 ce 0.7268 | 424s elapsed | peak GPU 6.51 GB
  epoch 1/2 update 660/3004 loss 0.7211 ce 0.7251 | 438s elapsed | peak GPU 6.51 GB
  epoch 1/2 update 680/3004 loss 0.6898 ce 0.7441 | 452s elapsed | peak GPU 6.51 GB
  epoch 1/2 update 700/3004 loss 0.7197 ce 0.7350 | 465s elapsed | peak GPU 6.51 GB
  epoch 1/2 update 720/3004 loss 0.7250 ce 0.6880 | 479s elapsed | peak GPU 6.51 GB
  epoch 1/2 update 740/3004 loss 0.6972 ce 0.7054 | 493s elapsed | peak GPU 6.51 GB
  epoch 1/2 update 760/3004 loss 0.6626 ce 0.7042 | 506s elapsed | peak GPU 6.51 GB
  epoch 1/2 update 780/3004 loss 0.7046 ce 0.7269 | 520s elapsed | peak GPU 6.51 GB
  epoch 1/2 update 800/3004 loss 0.7125 ce 0.7609 | 534s elapsed | peak GPU 6.51 GB
  epoch 1/2 update 820/3004 loss 0.6560 ce 0.7092 | 548s elapsed | peak GPU 6.51 GB
  epoch 1/2 update 840/3004 loss 0.3508 ce 0.8248 | 562s elapsed | peak GPU 6.51 GB
  epoch 1/2 update 860/3004 loss 0.6528 ce 0.7012 | 576s elapsed | peak GPU 6.51 GB
  epoch 1/2 update 880/3004 loss 0.7076 ce 0.7745 | 589s elapsed | peak GPU 6.51 GB
  epoch 1/2 update 900/3004 loss 0.5993 ce 0.7046 | 603s elapsed | peak GPU 6.51 GB
  epoch 1/2 update 920/3004 loss 0.7149 ce 0.7228 | 617s elapsed | peak GPU 6.51 GB
  epoch 1/2 update 940/3004 loss 0.6709 ce 0.7490 | 631s elapsed | peak GPU 6.51 GB
  epoch 1/2 update 960/3004 loss 0.6285 ce 0.6610 | 645s elapsed | peak GPU 6.51 GB
  epoch 1/2 update 980/3004 loss 0.7682 ce 0.7804 | 659s elapsed | peak GPU 6.51 GB
  epoch 1/2 update 1000/3004 loss 0.6823 ce 0.7277 | 673s elapsed | peak GPU 6.51 GB
  epoch 1/2 update 1020/3004 loss 0.6419 ce 0.7249 | 686s elapsed | peak GPU 6.51 GB
  epoch 1/2 update 1040/3004 loss 0.5729 ce 0.8697 | 700s elapsed | peak GPU 6.51 GB
  epoch 1/2 update 1060/3004 loss 2.8304 ce 2.8961 | 714s elapsed | peak GPU 6.51 GB
  epoch 1/2 update 1080/3004 loss 0.7399 ce 0.7609 | 727s elapsed | peak GPU 6.51 GB
  epoch 1/2 update 1100/3004 loss 0.7458 ce 0.7895 | 741s elapsed | peak GPU 6.51 GB
  epoch 1/2 update 1120/3004 loss 0.7182 ce 0.7236 | 755s elapsed | peak GPU 6.51 GB
  epoch 1/2 update 1140/3004 loss 0.6909 ce 0.7168 | 770s elapsed | peak GPU 6.51 GB
  epoch 1/2 update 1160/3004 loss 0.6304 ce 0.6593 | 784s elapsed | peak GPU 6.51 GB
  epoch 1/2 update 1180/3004 loss 0.7221 ce 0.7518 | 798s elapsed | peak GPU 6.51 GB
  epoch 1/2 update 1200/3004 loss 0.6486 ce 0.6753 | 812s elapsed | peak GPU 6.51 GB
  epoch 1/2 update 1220/3004 loss 0.7356 ce 0.7529 | 826s elapsed | peak GPU 6.51 GB
  epoch 1/2 update 1240/3004 loss 0.7312 ce 0.7611 | 840s elapsed | peak GPU 6.51 GB
  epoch 1/2 update 1260/3004 loss 0.7418 ce 0.7614 | 854s elapsed | peak GPU 6.51 GB
  epoch 1/2 update 1280/3004 loss 0.6547 ce 0.7181 | 867s elapsed | peak GPU 6.51 GB
  epoch 1/2 update 1300/3004 loss 0.7169 ce 0.7271 | 882s elapsed | peak GPU 6.51 GB
  epoch 1/2 update 1320/3004 loss 0.7620 ce 0.7578 | 896s elapsed | peak GPU 6.51 GB
  epoch 1/2 update 1340/3004 loss 0.6816 ce 0.7178 | 910s elapsed | peak GPU 6.51 GB
  epoch 1/2 update 1360/3004 loss 0.6963 ce 0.7757 | 924s elapsed | peak GPU 6.51 GB
  epoch 1/2 update 1380/3004 loss 0.6644 ce 0.6791 | 938s elapsed | peak GPU 6.51 GB
  epoch 1/2 update 1400/3004 loss 0.7427 ce 0.7679 | 952s elapsed | peak GPU 6.51 GB
  epoch 1/2 update 1420/3004 loss 0.6750 ce 0.7092 | 965s elapsed | peak GPU 6.51 GB
  epoch 1/2 update 1440/3004 loss 0.7114 ce 0.7676 | 979s elapsed | peak GPU 6.51 GB
  epoch 1/2 update 1460/3004 loss 0.7203 ce 0.7305 | 993s elapsed | peak GPU 6.51 GB
  epoch 1/2 update 1480/3004 loss 0.6876 ce 0.7590 | 1007s elapsed | peak GPU 6.51 GB
  epoch 1/2 update 1500/3004 loss 0.6466 ce 0.7104 | 1021s elapsed | peak GPU 6.51 GB
=== epoch 1 done in 1023s, avg loss 1.0106
  epoch 2/2 update 1520/3004 loss 0.7334 ce 0.7334 | 1035s elapsed | peak GPU 6.51 GB
  epoch 2/2 update 1540/3004 loss 0.7245 ce 0.7603 | 1049s elapsed | peak GPU 6.51 GB
  epoch 2/2 update 1560/3004 loss 0.7222 ce 0.7222 | 1063s elapsed | peak GPU 6.51 GB
  epoch 2/2 update 1580/3004 loss 0.6732 ce 0.6732 | 1076s elapsed | peak GPU 6.51 GB
  epoch 2/2 update 1600/3004 loss 0.7019 ce 0.7351 | 1091s elapsed | peak GPU 6.51 GB
  epoch 2/2 update 1620/3004 loss 0.7236 ce 0.7319 | 1105s elapsed | peak GPU 6.51 GB
  epoch 2/2 update 1640/3004 loss 0.7036 ce 0.7229 | 1120s elapsed | peak GPU 6.51 GB
  epoch 2/2 update 1660/3004 loss 0.7627 ce 0.7874 | 1134s elapsed | peak GPU 6.51 GB
  epoch 2/2 update 1680/3004 loss 0.6996 ce 0.7066 | 1149s elapsed | peak GPU 6.51 GB
  epoch 2/2 update 1700/3004 loss 0.6629 ce 0.6629 | 1163s elapsed | peak GPU 6.51 GB
  epoch 2/2 update 1720/3004 loss 0.7133 ce 0.7133 | 1177s elapsed | peak GPU 6.51 GB
  epoch 2/2 update 1740/3004 loss 0.6654 ce 0.6654 | 1191s elapsed | peak GPU 6.51 GB
  epoch 2/2 update 1760/3004 loss 0.6305 ce 0.6340 | 1205s elapsed | peak GPU 6.51 GB
  epoch 2/2 update 1780/3004 loss 0.7110 ce 0.7110 | 1219s elapsed | peak GPU 6.51 GB
  epoch 2/2 update 1800/3004 loss 0.6916 ce 0.7359 | 1232s elapsed | peak GPU 6.51 GB
  epoch 2/2 update 1820/3004 loss 0.6849 ce 0.6999 | 1246s elapsed | peak GPU 6.51 GB
  epoch 2/2 update 1840/3004 loss 0.6127 ce 0.6127 | 1260s elapsed | peak GPU 6.51 GB
  epoch 2/2 update 1860/3004 loss 0.6783 ce 0.6783 | 1274s elapsed | peak GPU 6.51 GB
  epoch 2/2 update 1880/3004 loss 0.7331 ce 0.7331 | 1288s elapsed | peak GPU 6.51 GB
  epoch 2/2 update 1900/3004 loss 0.6866 ce 0.6978 | 1302s elapsed | peak GPU 6.51 GB
  epoch 2/2 update 1920/3004 loss 0.7407 ce 0.7535 | 1316s elapsed | peak GPU 6.51 GB
  epoch 2/2 update 1940/3004 loss 0.6706 ce 0.7065 | 1330s elapsed | peak GPU 6.51 GB
  epoch 2/2 update 1960/3004 loss 0.7008 ce 0.7012 | 1343s elapsed | peak GPU 6.51 GB
  epoch 2/2 update 1980/3004 loss 0.6710 ce 0.6710 | 1357s elapsed | peak GPU 6.51 GB
  epoch 2/2 update 2000/3004 loss 0.7237 ce 0.7601 | 1372s elapsed | peak GPU 6.51 GB
  epoch 2/2 update 2020/3004 loss 0.6762 ce 0.7096 | 1386s elapsed | peak GPU 6.51 GB
  epoch 2/2 update 2040/3004 loss 0.7093 ce 0.7147 | 1400s elapsed | peak GPU 6.51 GB
  epoch 2/2 update 2060/3004 loss 0.7255 ce 0.7255 | 1413s elapsed | peak GPU 6.51 GB
  epoch 2/2 update 2080/3004 loss 0.7188 ce 0.7395 | 1427s elapsed | peak GPU 6.51 GB
  epoch 2/2 update 2100/3004 loss 0.6950 ce 0.7222 | 1441s elapsed | peak GPU 6.51 GB
  epoch 2/2 update 2120/3004 loss 0.7046 ce 0.7046 | 1454s elapsed | peak GPU 6.51 GB
  epoch 2/2 update 2140/3004 loss 0.7065 ce 0.7065 | 1468s elapsed | peak GPU 6.51 GB
  epoch 2/2 update 2160/3004 loss 0.6808 ce 0.6910 | 1482s elapsed | peak GPU 6.51 GB
  epoch 2/2 update 2180/3004 loss 0.6535 ce 0.6682 | 1497s elapsed | peak GPU 6.51 GB
  epoch 2/2 update 2200/3004 loss 0.6826 ce 0.6954 | 1511s elapsed | peak GPU 6.51 GB
  epoch 2/2 update 2220/3004 loss 0.6776 ce 0.7239 | 1525s elapsed | peak GPU 6.51 GB
  epoch 2/2 update 2240/3004 loss 0.7186 ce 0.7186 | 1539s elapsed | peak GPU 6.51 GB
  epoch 2/2 update 2260/3004 loss 0.6668 ce 0.6651 | 1553s elapsed | peak GPU 6.51 GB
  epoch 2/2 update 2280/3004 loss 0.6901 ce 0.7043 | 1567s elapsed | peak GPU 6.51 GB
  epoch 2/2 update 2300/3004 loss 0.7512 ce 0.7512 | 1581s elapsed | peak GPU 6.51 GB
  epoch 2/2 update 2320/3004 loss 0.7745 ce 0.7671 | 1595s elapsed | peak GPU 6.51 GB
  epoch 2/2 update 2340/3004 loss 0.7105 ce 0.7273 | 1609s elapsed | peak GPU 6.51 GB
  epoch 2/2 update 2360/3004 loss 0.7081 ce 0.7081 | 1624s elapsed | peak GPU 6.51 GB
  epoch 2/2 update 2380/3004 loss 0.6701 ce 0.7128 | 1637s elapsed | peak GPU 6.51 GB
  epoch 2/2 update 2400/3004 loss 2.8170 ce 2.8254 | 1651s elapsed | peak GPU 6.51 GB
  epoch 2/2 update 2420/3004 loss 0.6850 ce 0.7193 | 1665s elapsed | peak GPU 6.51 GB
  epoch 2/2 update 2440/3004 loss 0.7187 ce 0.7299 | 1679s elapsed | peak GPU 6.51 GB
  epoch 2/2 update 2460/3004 loss 0.7198 ce 0.7422 | 1694s elapsed | peak GPU 6.51 GB
  epoch 2/2 update 2480/3004 loss 0.6803 ce 0.6803 | 1708s elapsed | peak GPU 6.51 GB
  epoch 2/2 update 2500/3004 loss 0.7430 ce 0.7430 | 1723s elapsed | peak GPU 6.51 GB
  epoch 2/2 update 2520/3004 loss 0.6427 ce 0.6534 | 1737s elapsed | peak GPU 6.51 GB
  epoch 2/2 update 2540/3004 loss 0.7147 ce 0.7147 | 1751s elapsed | peak GPU 6.51 GB
  epoch 2/2 update 2560/3004 loss 0.6270 ce 0.6330 | 1764s elapsed | peak GPU 6.51 GB
  epoch 2/2 update 2580/3004 loss 0.7307 ce 0.7439 | 1778s elapsed | peak GPU 6.51 GB
  epoch 2/2 update 2600/3004 loss 0.6806 ce 0.6893 | 1792s elapsed | peak GPU 6.51 GB
  epoch 2/2 update 2620/3004 loss 0.7197 ce 0.7197 | 1805s elapsed | peak GPU 6.51 GB
  epoch 2/2 update 2640/3004 loss 0.6546 ce 0.6833 | 1819s elapsed | peak GPU 6.51 GB
  epoch 2/2 update 2660/3004 loss 0.7394 ce 0.7394 | 1833s elapsed | peak GPU 6.51 GB
  epoch 2/2 update 2680/3004 loss 0.6433 ce 0.6775 | 1847s elapsed | peak GPU 6.51 GB
  epoch 2/2 update 2700/3004 loss 0.7185 ce 0.7185 | 1862s elapsed | peak GPU 6.51 GB
  epoch 2/2 update 2720/3004 loss 0.7060 ce 0.7206 | 1876s elapsed | peak GPU 6.51 GB
  epoch 2/2 update 2740/3004 loss 2.5292 ce 2.5292 | 1889s elapsed | peak GPU 6.51 GB
  epoch 2/2 update 2760/3004 loss 0.6777 ce 0.6857 | 1904s elapsed | peak GPU 6.51 GB
  epoch 2/2 update 2780/3004 loss 0.7396 ce 0.7396 | 1918s elapsed | peak GPU 6.51 GB
  epoch 2/2 update 2800/3004 loss 0.7390 ce 0.7442 | 1933s elapsed | peak GPU 6.51 GB
  epoch 2/2 update 2820/3004 loss 0.6827 ce 0.7061 | 1947s elapsed | peak GPU 6.51 GB
  epoch 2/2 update 2840/3004 loss 0.6518 ce 0.6652 | 1962s elapsed | peak GPU 6.51 GB
  epoch 2/2 update 2860/3004 loss 0.6810 ce 0.6961 | 1976s elapsed | peak GPU 6.51 GB
  epoch 2/2 update 2880/3004 loss 0.7051 ce 0.6980 | 1990s elapsed | peak GPU 6.51 GB
  epoch 2/2 update 2900/3004 loss 0.7268 ce 0.7268 | 2004s elapsed | peak GPU 6.51 GB
  epoch 2/2 update 2920/3004 loss 0.7034 ce 0.7034 | 2017s elapsed | peak GPU 6.51 GB
  epoch 2/2 update 2940/3004 loss 0.6668 ce 0.6785 | 2031s elapsed | peak GPU 6.51 GB
  epoch 2/2 update 2960/3004 loss 0.6792 ce 0.7001 | 2045s elapsed | peak GPU 6.51 GB
  epoch 2/2 update 2980/3004 loss 0.5983 ce 0.6247 | 2059s elapsed | peak GPU 6.51 GB
  epoch 2/2 update 3000/3004 loss 0.7288 ce 0.7288 | 2072s elapsed | peak GPU 6.51 GB
=== epoch 2 done in 2075s, avg loss 0.7347
fitting calibration temperatures on calib.jsonl
temperatures by bucket: {'choice:3-5': 3.817, 'choice:6-10': 3.771, 'choice:11+': 3.938, 'choice:2': 4.114} | overall 3.815
| lang | question | n | accuracy | ECE before | ECE after |
|---|---|---|---|---|---|
| en | family | 820 | 0.898 | 0.098 | 0.048 |
| en | format | 820 | 0.999 | 0.001 | 0.041 |
| en | gender_signal | 997 | 0.999 | 0.001 | 0.025 |
| en | stat_career_record | 309 | 0.945 | 0.055 | 0.022 |
| en | stat_firsts_history | 65 | 0.677 | 0.343 | 0.324 |
| en | stat_player_stat | 104 | 1.000 | 0.000 | 0.014 |
| en | stat_role_or_ranking | 47 | 1.000 | 0.000 | 0.014 |
| en | stat_team_record | 72 | 1.000 | 0.000 | 0.032 |
| en | stat_world_cup_record | 134 | 1.000 | 0.000 | 0.040 |
| en | topic | 997 | 0.945 | 0.053 | 0.026 |
| hi | family | 847 | 0.903 | 0.088 | 0.041 |
| hi | format | 847 | 0.999 | 0.001 | 0.041 |
| hi | gender_signal | 992 | 0.988 | 0.011 | 0.018 |
| hi | stat_career_record | 337 | 0.929 | 0.069 | 0.016 |
| hi | stat_firsts_history | 63 | 1.000 | 0.000 | 0.019 |
| hi | stat_player_stat | 100 | 0.990 | 0.010 | 0.004 |
| hi | stat_role_or_ranking | 68 | 1.000 | 0.000 | 0.014 |
| hi | stat_team_record | 82 | 1.000 | 0.000 | 0.032 |
| hi | stat_world_cup_record | 125 | 1.000 | 0.028 | 0.066 |
| hi | topic | 992 | 0.986 | 0.010 | 0.022 |
| ta | family | 838 | 0.875 | 0.116 | 0.065 |
| ta | format | 838 | 0.995 | 0.005 | 0.038 |
| ta | gender_signal | 993 | 0.969 | 0.031 | 0.005 |
| ta | stat_career_record | 316 | 0.851 | 0.133 | 0.054 |
| ta | stat_firsts_history | 63 | 0.905 | 0.091 | 0.050 |
| ta | stat_player_stat | 114 | 0.947 | 0.054 | 0.047 |
| ta | stat_role_or_ranking | 54 | 1.000 | 0.011 | 0.030 |
| ta | stat_team_record | 92 | 0.815 | 0.180 | 0.152 |
| ta | stat_world_cup_record | 117 | 0.974 | 0.026 | 0.015 |
| ta | topic | 993 | 0.966 | 0.036 | 0.010 |

Overall accuracy per language (all questions, calibration set): en=0.959, hi=0.970, ta=0.943
saved to C:\Users\Jabin M\OneDrive\Desktop\ICC'26\models\laya-mak-v2
